[INFO] Scanning for projects...
[INFO] 
[INFO] -----------------------< com.example:recommend >------------------------
[INFO] Building recommend 0.0.1-SNAPSHOT
[INFO] --------------------------------[ jar ]---------------------------------
[INFO] 
[INFO] >>> spring-boot-maven-plugin:3.3.2:run (default-cli) > test-compile @ recommend >>>
[INFO] 
[INFO] --- maven-resources-plugin:3.3.1:resources (default-resources) @ recommend ---
[INFO] Copying 2 resources from src\main\resources to target\classes
[INFO] Copying 38 resources from src\main\resources to target\classes
[INFO] 
[INFO] --- maven-compiler-plugin:3.11.0:compile (default-compile) @ recommend ---
[INFO] Nothing to compile - all classes are up to date
[INFO] 
[INFO] --- maven-resources-plugin:3.3.1:testResources (default-testResources) @ recommend ---
[INFO] skip non existing resourceDirectory D:\app\ks\recommendtwo\src\test\resources
[INFO] 
[INFO] --- maven-compiler-plugin:3.11.0:testCompile (default-testCompile) @ recommend ---
[INFO] Nothing to compile - all classes are up to date
[INFO] 
[INFO] <<< spring-boot-maven-plugin:3.3.2:run (default-cli) < test-compile @ recommend <<<
[INFO] 
[INFO] 
[INFO] --- spring-boot-maven-plugin:3.3.2:run (default-cli) @ recommend ---
[INFO] Attaching agents: []

  .   ____          _            __ _ _
 /\\ / ___'_ __ _ _(_)_ __  __ _ \ \ \ \
( ( )\___ | '_ | '_| | '_ \/ _` | \ \ \ \
 \\/  ___)| |_)| | | | | || (_| |  ) ) ) )
  '  |____| .__|_| |_|_| |_\__, | / / / /
 =========|_|==============|___/=/_/_/_/

 :: Spring Boot ::                (v3.3.2)

2026-05-05T15:40:43.457+08:00  INFO 8316 --- [recommend] [           main] c.e.recommend.RecommendApplication       : Starting RecommendApplication using Java 17.0.10 with PID 8316 (D:\app\ks\recommendtwo\target\classes started by º®´º³õÒ» in D:\app\ks\recommendtwo)
2026-05-05T15:40:43.459+08:00  INFO 8316 --- [recommend] [           main] c.e.recommend.RecommendApplication       : The following 1 profile is active: "local"
2026-05-05T15:40:44.027+08:00  INFO 8316 --- [recommend] [           main] .s.d.r.c.RepositoryConfigurationDelegate : Multiple Spring Data modules found, entering strict repository configuration mode
2026-05-05T15:40:44.029+08:00  INFO 8316 --- [recommend] [           main] .s.d.r.c.RepositoryConfigurationDelegate : Bootstrapping Spring Data JPA repositories in DEFAULT mode.
2026-05-05T15:40:44.166+08:00  INFO 8316 --- [recommend] [           main] .s.d.r.c.RepositoryConfigurationDelegate : Finished Spring Data repository scanning in 131 ms. Found 4 JPA repository interfaces.
2026-05-05T15:40:44.178+08:00  INFO 8316 --- [recommend] [           main] .s.d.r.c.RepositoryConfigurationDelegate : Multiple Spring Data modules found, entering strict repository configuration mode
2026-05-05T15:40:44.179+08:00  INFO 8316 --- [recommend] [           main] .s.d.r.c.RepositoryConfigurationDelegate : Bootstrapping Spring Data Redis repositories in DEFAULT mode.
2026-05-05T15:40:44.194+08:00  INFO 8316 --- [recommend] [           main] .RepositoryConfigurationExtensionSupport : Spring Data Redis - Could not safely identify store assignment for repository candidate interface com.example.recommend.repository.ItemRepository; If you want this repository to be a Redis repository, consider annotating your entities with one of these annotations: org.springframework.data.redis.core.RedisHash (preferred), or consider extending one of the following types with your repository: org.springframework.data.keyvalue.repository.KeyValueRepository
2026-05-05T15:40:44.195+08:00  INFO 8316 --- [recommend] [           main] .RepositoryConfigurationExtensionSupport : Spring Data Redis - Could not safely identify store assignment for repository candidate interface com.example.recommend.repository.RatingRepository; If you want this repository to be a Redis repository, consider annotating your entities with one of these annotations: org.springframework.data.redis.core.RedisHash (preferred), or consider extending one of the following types with your repository: org.springframework.data.keyvalue.repository.KeyValueRepository
2026-05-05T15:40:44.195+08:00  INFO 8316 --- [recommend] [           main] .RepositoryConfigurationExtensionSupport : Spring Data Redis - Could not safely identify store assignment for repository candidate interface com.example.recommend.repository.UserItemFlagRepository; If you want this repository to be a Redis repository, consider annotating your entities with one of these annotations: org.springframework.data.redis.core.RedisHash (preferred), or consider extending one of the following types with your repository: org.springframework.data.keyvalue.repository.KeyValueRepository
2026-05-05T15:40:44.197+08:00  INFO 8316 --- [recommend] [           main] .RepositoryConfigurationExtensionSupport : Spring Data Redis - Could not safely identify store assignment for repository candidate interface com.example.recommend.repository.UserRepository; If you want this repository to be a Redis repository, consider annotating your entities with one of these annotations: org.springframework.data.redis.core.RedisHash (preferred), or consider extending one of the following types with your repository: org.springframework.data.keyvalue.repository.KeyValueRepository
2026-05-05T15:40:44.197+08:00  INFO 8316 --- [recommend] [           main] .s.d.r.c.RepositoryConfigurationDelegate : Finished Spring Data repository scanning in 10 ms. Found 0 Redis repository interfaces.
2026-05-05T15:40:44.729+08:00  INFO 8316 --- [recommend] [           main] o.s.b.w.embedded.tomcat.TomcatWebServer  : Tomcat initialized with port 8080 (http)
2026-05-05T15:40:44.741+08:00  INFO 8316 --- [recommend] [           main] o.apache.catalina.core.StandardService   : Starting service [Tomcat]
2026-05-05T15:40:44.741+08:00  INFO 8316 --- [recommend] [           main] o.apache.catalina.core.StandardEngine    : Starting Servlet engine: [Apache Tomcat/10.1.26]
2026-05-05T15:40:44.812+08:00  INFO 8316 --- [recommend] [           main] o.a.c.c.C.[Tomcat].[localhost].[/]       : Initializing Spring embedded WebApplicationContext
2026-05-05T15:40:44.813+08:00  INFO 8316 --- [recommend] [           main] w.s.c.ServletWebServerApplicationContext : Root WebApplicationContext: initialization completed in 1307 ms
2026-05-05T15:40:45.083+08:00  INFO 8316 --- [recommend] [           main] com.zaxxer.hikari.HikariDataSource       : HikariPool-1 - Starting...
2026-05-05T15:40:45.272+08:00  INFO 8316 --- [recommend] [           main] com.zaxxer.hikari.pool.HikariPool        : HikariPool-1 - Added connection com.mysql.cj.jdbc.ConnectionImpl@6d7740f0
2026-05-05T15:40:45.275+08:00  INFO 8316 --- [recommend] [           main] com.zaxxer.hikari.HikariDataSource       : HikariPool-1 - Start completed.
2026-05-05T15:40:45.412+08:00  INFO 8316 --- [recommend] [           main] o.hibernate.jpa.internal.util.LogHelper  : HHH000204: Processing PersistenceUnitInfo [name: default]
2026-05-05T15:40:45.474+08:00  INFO 8316 --- [recommend] [           main] org.hibernate.Version                    : HHH000412: Hibernate ORM core version 6.5.2.Final
2026-05-05T15:40:45.507+08:00  INFO 8316 --- [recommend] [           main] o.h.c.internal.RegionFactoryInitiator    : HHH000026: Second-level cache disabled
2026-05-05T15:40:45.753+08:00  INFO 8316 --- [recommend] [           main] o.s.o.j.p.SpringPersistenceUnitInfo      : No LoadTimeWeaver setup: ignoring JPA class transformer
2026-05-05T15:40:45.814+08:00  WARN 8316 --- [recommend] [           main] org.hibernate.orm.deprecation            : HHH90000025: MySQL8Dialect does not need to be specified explicitly using 'hibernate.dialect' (remove the property setting and it will be selected by default)
2026-05-05T15:40:45.816+08:00  WARN 8316 --- [recommend] [           main] org.hibernate.orm.deprecation            : HHH90000026: MySQL8Dialect has been deprecated; use org.hibernate.dialect.MySQLDialect instead
2026-05-05T15:40:46.594+08:00  INFO 8316 --- [recommend] [           main] o.h.e.t.j.p.i.JtaPlatformInitiator       : HHH000489: No JTA platform available (set 'hibernate.transaction.jta.platform' to enable JTA platform integration)
2026-05-05T15:40:46.597+08:00  INFO 8316 --- [recommend] [           main] j.LocalContainerEntityManagerFactoryBean : Initialized JPA EntityManagerFactory for persistence unit 'default'
2026-05-05T15:40:46.874+08:00  INFO 8316 --- [recommend] [           main] o.s.d.j.r.query.QueryEnhancerFactory     : Hibernate is in classpath; If applicable, HQL parser will be used.
2026-05-05T15:40:47.311+08:00  INFO 8316 --- [recommend] [           main] o.s.b.a.w.s.WelcomePageHandlerMapping    : Adding welcome page: class path resource [static/index.html]
2026-05-05T15:40:47.515+08:00  WARN 8316 --- [recommend] [           main] ion$DefaultTemplateResolverConfiguration : Cannot find template location: classpath:/templates/ (please add some templates, check your Thymeleaf configuration, or set spring.thymeleaf.check-template-location=false)
2026-05-05T15:40:47.796+08:00  INFO 8316 --- [recommend] [           main] o.s.b.w.embedded.tomcat.TomcatWebServer  : Tomcat started on port 8080 (http) with context path '/'
2026-05-05T15:40:47.807+08:00  INFO 8316 --- [recommend] [           main] c.e.recommend.RecommendApplication       : Started RecommendApplication in 4.735 seconds (process running for 5.188)
2026-05-05T15:40:49.149+08:00  INFO 8316 --- [recommend] [           main] c.e.r.s.ItemAssociationPrecomputeService : Refreshed item association snapshot: items=7316, updatedAt=2026-05-05T07:40:49.149765400Z
2026-05-05T15:41:11.932+08:00  INFO 8316 --- [recommend] [nio-8080-exec-1] o.a.c.c.C.[Tomcat].[localhost].[/]       : Initializing Spring DispatcherServlet 'dispatcherServlet'
2026-05-05T15:41:11.932+08:00  INFO 8316 --- [recommend] [nio-8080-exec-1] o.s.web.servlet.DispatcherServlet        : Initializing Servlet 'dispatcherServlet'
2026-05-05T15:41:11.935+08:00  INFO 8316 --- [recommend] [nio-8080-exec-1] o.s.web.servlet.DispatcherServlet        : Completed initialization in 3 ms
[INFO] ------------------------------------------------------------------------
[INFO] BUILD FAILURE
[INFO] ------------------------------------------------------------------------
[INFO] Total time:  19:31 min
[INFO] Finished at: 2026-05-05T16:00:09+08:00
[INFO] ------------------------------------------------------------------------
[ERROR] Failed to execute goal org.springframework.boot:spring-boot-maven-plugin:3.3.2:run (default-cli) on project recommend: Process terminated with exit code: -1 -> [Help 1]
[ERROR] 
[ERROR] To see the full stack trace of the errors, re-run Maven with the -e switch.
[ERROR] Re-run Maven using the -X switch to enable full debug logging.
[ERROR] 
[ERROR] For more information about the errors and possible solutions, please read the following articles:
[ERROR] [Help 1] http://cwiki.apache.org/confluence/display/MAVEN/MojoExecutionException
